# Twin replay of the full census: python3 tools/verify_twin.py --fired $(cat data/poke_inputs.txt)
# Run 2026-09-22 against tapes/ (85 payloads); agreement with data/brainstate_census.csv:
# synapses 74/74, spiked 74/74, fired lists 74/74; stateRoot() byte-equal at ticks 40/54/64/head.
# The stateRoot column below is the twin's full-field fold (== the contract's stateRoot() getter);
# the root inside each BrainState event is a different, incremental fold and is not comparable.

tick=1 input=127 synapses=0 spiked=0 stateRoot=0xcb664d6df5cf4cb868a84eeecc8fbcaa244b10a8b96c64585eb0922cca72f32e firedCount=0 starNeuron=None firedHash=0x569e75fc77c1a856f6daaf9e69d8a9566ca34aa47f9133711ce065a571af0cfd firedIds=
tick=2 input=9369175102013376103972864 synapses=8 spiked=4 stateRoot=0xfae5068218821cc03777a155754c3c9653d7bb628b86ac05bc7843d5bb53eeba firedCount=4 starNeuron=25 firedHash=0x5167ff789ac1c437c34df52a18f911eb23d0a4a1f7133ead78c1aee58b2122fd firedIds=25,85,145,205
tick=3 input=4467570830351532032 synapses=7 spiked=4 stateRoot=0xde87406e6fc492eea6468873947ba6c805f3d04fd3ca4e934e9784dd96dca90f firedCount=4 starNeuron=18 firedHash=0xfcd83375fd4dce7eea79d7c7a6a100e3c6841215946320e795a6620af228f1e6 firedIds=18,78,138,198
tick=4 input=691323101154449317387607266452099206685392896 synapses=5 spiked=4 stateRoot=0xf1d355f825dcf644ac3fcb0b7cda773fe63c8d5496b9299f82bbfa39efc850f1 firedCount=4 starNeuron=47 firedHash=0xe35040bd6c74821b7a28183b99e892577b11326ac7e53b6320db7ea05c03e074 firedIds=47,107,167,227
tick=5 input=2040 synapses=18 spiked=10 stateRoot=0x9301ccb37c04b7f71009cfc1fd2b22d4a7e10cf39c6a36e1b279d509b9b89c5c firedCount=10 starNeuron=0 firedHash=0x2da05da68baeb72c487fe7f6a935a2b29cf5bbb90a9b0144b6f1c48ff6f2d09d firedIds=0,1,60,61,120,121,180,181,240,241
tick=6 input=285924533142498050048 synapses=11 spiked=8 stateRoot=0xd060a164f23dff7b1c62af6060f4e60f7b375919f00f99d3469c3bc6a217444c firedCount=8 starNeuron=19 firedHash=0x7f1fcf515ba83fb9c6481a7a2dd2971ce2fcdac4fb4ebd53c155189bee2c083f firedIds=19,20,79,80,139,140,199,200
tick=7 input=285924533142498050048 synapses=6 spiked=4 stateRoot=0x4f785239c9ce6d642502b8a2d5cb4902a83f952ef4160a3646995184c05a6541 firedCount=4 starNeuron=20 firedHash=0x3a47c07d12c6e79196fcc6b1d8feb915ac3e0d75ce76a7f769fcb95606c48f6c firedIds=20,80,140,200
tick=8 input=1171368248680556527616 synapses=11 spiked=8 stateRoot=0x63d5e6b57bd852be88e2680c7b16f3727965bd84355220f101af7bb289be5b03 firedCount=8 starNeuron=19 firedHash=0x7f1fcf515ba83fb9c6481a7a2dd2971ce2fcdac4fb4ebd53c155189bee2c083f firedIds=19,20,79,80,139,140,199,200
tick=9 input=1171368248680556527616 synapses=14 spiked=8 stateRoot=0x4f86fd8a9ce153088b5ad715d0246fd1a035172bde1848cbdd077260374b245e firedCount=8 starNeuron=20 firedHash=0xed33a75370d746936ccc17adb2dbfcb45753e9e6795f4c3aa797205ca6d4e724 firedIds=20,21,80,81,140,141,200,201
tick=10 input=2130303778816 synapses=9 spiked=5 stateRoot=0x8500d732062ea97e5ee73f26c15ec0e2b39d1599e9c9558408da014e8ca6516f firedCount=5 starNeuron=11 firedHash=0xf2dfd49e037b6f60a7cd58e2be82c64ab96317254c97918d2280576eed0f3b95 firedIds=11,71,131,191,251
tick=11 input=2831659422328624404019639363387798350583369302016 synapses=3 spiked=4 stateRoot=0xfb1cb2d969aa697ee66d4e08f110879491ba89159903cde37e0f6b354cecd27c firedCount=4 starNeuron=51 firedHash=0xd654e68a6f854dc55dd4c4e0273d836205a6226d5c7a05b22a79aa790195094d firedIds=51,111,171,231
tick=12 input=329710850516961554411686516905476096 synapses=8 spiked=4 stateRoot=0x37f3664cdcdb8cdddb883c9afb0bb303fdcbecc1e4fd0d6ddbaac0ffbaf22280 firedCount=4 starNeuron=36 firedHash=0xcbaf3bce72b2b71bf485f6cd68248ef986d0cc6ecd6070df112b576a5ac5d2b7 firedIds=36,96,156,216
tick=13 input=643966504915940535960325228331008 synapses=8 spiked=4 stateRoot=0x73251283f50839516862d7c53762a6d62b363a4954d8ba196ed79b7d42b1b599 firedCount=4 starNeuron=33 firedHash=0x5f4f2cd452cbb80e5265dccc44f43d48631f9b5fb097f87ff95af9b2fef30a35 firedIds=33,93,153,213
tick=14 input=86431721197918369719697150287669125709824 synapses=6 spiked=4 stateRoot=0xe275abb5713c67aff59257ac80e3abda13689fcf6a5ef94e3d92a9da642544d8 firedCount=4 starNeuron=42 firedHash=0x4e65229e984fdd584dd3170542b081ebd1f12a7b4079f3083029f4d53d144bf2 firedIds=42,102,162,222
tick=15 input=2456537265456926483002949632 synapses=13 spiked=8 stateRoot=0x90376f4c34d40c5c561645b83c1aa68573811b8bd87951c214caa799dcc76814 firedCount=8 starNeuron=26 firedHash=0xd5949d7f0b6c319f671361989fb8794bcfef8f08225ddec73a91e7f533d28515 firedIds=26,27,86,87,146,147,206,207
tick=16 input=1257747079913946359297510211584 synapses=8 spiked=8 stateRoot=0x4254eb46891ec4501920334cabc51b0472467f9a749eb50f1b98b02196ef3960 firedCount=8 starNeuron=29 firedHash=0xef836f706358dcaf998585d45f62e9523c8e9b646f58388aff5f1eea6ad254bc firedIds=29,30,89,90,149,150,209,210
tick=17 input=17045651456 synapses=10 spiked=5 stateRoot=0xcd13c6714ff9fe685db4345fb97afc574a73c5581e7ae893ca169c8ce58d3bcb firedCount=5 starNeuron=8 firedHash=0x1aa168edb4b7909af7861010f639970e80dd990d80d14dcc17ded54ade2fc638 firedIds=8,68,128,188,248
tick=18 input=127 synapses=0 spiked=0 stateRoot=0x62ba1b9cfd6389e20aacd2ff16d150931273e907c533dee51993734e3f513a92 firedCount=0 starNeuron=None firedHash=0x569e75fc77c1a856f6daaf9e69d8a9566ca34aa47f9133711ce065a571af0cfd firedIds=
tick=19 input=127 synapses=10 spiked=5 stateRoot=0xa19ccb3f65fb30b9a247582625e7b737bb01bddde8ab63b85f972e0e8b61b989 firedCount=5 starNeuron=0 firedHash=0xda42c611228dbef779a869e788a1daf6b51098e4d8659145391740dff22da44a firedIds=0,60,120,180,240
tick=20 input=18302628885633695744 synapses=17 spiked=12 stateRoot=0x62db625a7ae1b71ac7b69c8ff8a89662f71efc29ca0aae7d87442b89a6ee2658 firedCount=12 starNeuron=17 firedHash=0x183538a1a6240f672d63ebe071807092b40a632d165a10d4b5b92101f3eb997e firedIds=17,18,19,77,78,79,137,138,139,197,198,199
tick=21 input=520192 synapses=19 spiked=10 stateRoot=0x0afca7e9fe449d3129aa33a858631a9d97cc4e778babc0a673e977abe02272df firedCount=10 starNeuron=2 firedHash=0x9157052fff0b7ead29fd8622ff4aebe4baeca4c5e084fa20f7e32c31363af993 firedIds=2,3,62,63,122,123,182,183,242,243
tick=22 input=520192 synapses=19 spiked=10 stateRoot=0xc0a505823a174d7491b125851faa369c0798504374e91c25862b00821dd58aa6 firedCount=10 starNeuron=3 firedHash=0x016c9c52884bfb6ca037f51512235f8281a79c0418e9090717de77ce39456298 firedIds=3,4,63,64,123,124,183,184,243,244
tick=23 input=5151732039327524287682601826648064 synapses=12 spiked=8 stateRoot=0x20bfb9e112734c3e408f34e423dceea3f9578f392b90e4e4409455fa434034d6 firedCount=8 starNeuron=34 firedHash=0x32843e64491fee8e7c3f31ea10231be07e90a87698b43d2581df03364a418406 firedIds=34,35,94,95,154,155,214,215
tick=24 input=35747322042253312 synapses=8 spiked=5 stateRoot=0x609e6ec61f752bac78708114e6861ba1f5da649888d27f86905cbc176ca64aff firedCount=5 starNeuron=15 firedHash=0x93f5b0fd7abf0f3ede16af137df1b2d124ed5bfb4c08ae747f378c81c6e9e95e firedIds=15,75,135,195,255
tick=25 input=266338304 synapses=26 spiked=15 stateRoot=0x2bf149adef3428345ebfee702490ba7cff4e2617bb225458719cf62153484643 firedCount=15 starNeuron=5 firedHash=0x2e49d0a613d60a3af67d0100d4ba3c8ce6f828f5ff6d94df96bb435f85bea36d firedIds=5,6,7,65,66,67,125,126,127,185,186,187,245,246,247
tick=26 input=1016 synapses=10 spiked=5 stateRoot=0x8de2357c54e503899326a0af8619cc2c0ae515c942deb5a1c2148596c6f08588 firedCount=5 starNeuron=0 firedHash=0xda42c611228dbef779a869e788a1daf6b51098e4d8659145391740dff22da44a firedIds=0,60,120,180,240
tick=27 input=20203181441137406086353707335680 synapses=21 spiked=12 stateRoot=0x4fce2876a237b75386ca35e15eb07473c084cae63dc1ab097eaa6e164341484a firedCount=12 starNeuron=31 firedHash=0xdc3fb4e26e4c09ac73f7db10b4ad4ee459f4ea7813e44a9df44ede5867c66c95 firedIds=31,32,33,91,92,93,151,152,153,211,212,213
tick=28 input=4468415255281664 synapses=8 spiked=5 stateRoot=0xc01524602f4f0a33e580bb09640d72682e4972166f0f193cf6eadebe6fe092a9 firedCount=5 starNeuron=14 firedHash=0x587a9bd92f26581af4e32449678a6fc8b87db7cb8002ac6501623070a520514c firedIds=14,74,134,194,254
tick=29 input=4468415255281664 synapses=24 spiked=15 stateRoot=0xe8e6f2905e96db3ae832bc6f37d52bce8616d029ce3889ff0aff7c6023fd4072 firedCount=15 starNeuron=13 firedHash=0xa6495765090b9c1833269348588fe5bdcc421e77d40ebb80d0d34b4da7a00040 firedIds=13,14,15,73,74,75,133,134,135,193,194,195,253,254,255
tick=30 input=35747322042253312 synapses=14 spiked=9 stateRoot=0x6333404cafa1a570804830e9fb246c733071e6b1d8868b0b781b922d7587536b firedCount=9 starNeuron=15 firedHash=0xf80a9112eed5ce1dd5c5c9f1484c05e99a835103f951313add717d60a157e6c5 firedIds=15,16,75,76,135,136,195,196,255
tick=31 input=65024 synapses=17 spiked=10 stateRoot=0x379ca10a698761086ff0a5f976ed17c2b5942bdc774a2de88fed21f440555bfd firedCount=10 starNeuron=1 firedHash=0x5c061ec846dcda4f45b5024c0d7c967a74e5708d1595e8d1aebbc25903d365ce firedIds=1,2,61,62,121,122,181,182,241,242
tick=32 input=691323101154449317387607266452099206685392896 synapses=11 spiked=8 stateRoot=0xaae31be6c065647d673ced77011d8be1e5f93ff8ee7a305c2ac1c6c738ecf449 firedCount=8 starNeuron=46 firedHash=0x42de2229e9277298472fd591f1bd9ef69f6dc020ab916520bfb0db1b2095a51d firedIds=46,47,106,107,166,167,226,227
tick=33 input=2832194640213389138975036220626341911259512832 synapses=5 spiked=4 stateRoot=0x7f4addfc2d1c5e104c5c8270dab237149e97ad0d5a3746ac631cb03003516fa4 firedCount=4 starNeuron=47 firedHash=0xe35040bd6c74821b7a28183b99e892577b11326ac7e53b6320db7ea05c03e074 firedIds=47,107,167,227
tick=34 input=2832194640213389138975036220626341911259512832 synapses=19 spiked=12 stateRoot=0xe11c508a80072948d040a1d93096d7956c1ae92be769700f40a553c4fba28899 firedCount=12 starNeuron=46 firedHash=0x1f13e6600618d20c0e430c23c1e3c0624c506bbbaa42e42b921512b7115aeab9 firedIds=46,47,48,106,107,108,166,167,168,226,227,228
tick=35 input=146421031085069565952 synapses=5 spiked=4 stateRoot=0x86d5c005ebc3b8fae2236c8184e131aa0d438c0e99ca088a714030b9e08a29fd firedCount=4 starNeuron=19 firedHash=0xd896b4317dad8966804b56cad6fbcfd1d20ba841e3f640606deb749f5144e512 firedIds=19,79,139,199
tick=36 input=146421031085069565952 synapses=18 spiked=12 stateRoot=0xfde921bd565adc7404cae3e4e30853e14145bec97dc0f414d25da0e88c0f255e firedCount=12 starNeuron=18 firedHash=0x208c769b06c8e5a205109cb8aeb2b9bd901dd68623aa1dcc52dcba0ec947efd0 firedIds=18,19,20,78,79,80,138,139,140,198,199,200
tick=37 input=146421031085069565952 synapses=5 spiked=4 stateRoot=0xc924f067455a7747ce94c9f2d105bdfa5620db3915c418925d5f59eb2d7ea715 firedCount=4 starNeuron=19 firedHash=0xd896b4317dad8966804b56cad6fbcfd1d20ba841e3f640606deb749f5144e512 firedIds=19,79,139,199
tick=38 input=146421031085069565952 synapses=18 spiked=12 stateRoot=0xc0e635ab8e7e0c1de1268d8330eb43931f745754dc1ed2ca76ff0c411e66b854 firedCount=12 starNeuron=18 firedHash=0x208c769b06c8e5a205109cb8aeb2b9bd901dd68623aa1dcc52dcba0ec947efd0 firedIds=18,19,20,78,79,80,138,139,140,198,199,200
tick=39 input=293994983674745978880 synapses=11 spiked=8 stateRoot=0x2bdf8f2e279fe44fd85035a2368a76ecbd7dd1718bea8564a7d1890db71184b9 firedCount=8 starNeuron=19 firedHash=0x7f1fcf515ba83fb9c6481a7a2dd2971ce2fcdac4fb4ebd53c155189bee2c083f firedIds=19,20,79,80,139,140,199,200
tick=40 input=293994983674745978880 synapses=18 spiked=12 stateRoot=0x78b6597c86faca3553395c439082acf776a324d76c7279a9efee812c3140743f firedCount=12 starNeuron=18 firedHash=0x208c769b06c8e5a205109cb8aeb2b9bd901dd68623aa1dcc52dcba0ec947efd0 firedIds=18,19,20,78,79,80,138,139,140,198,199,200
tick=41 input=136365211648 synapses=19 spiked=10 stateRoot=0x0ce16a51bcc3d035b166ca3ce9e9542023c90b8c65a18ed01b79486068f76703 firedCount=10 starNeuron=9 firedHash=0xea4b800d60df94ab58afeda9e2795d0a7a1c8d973674baa47222e82a1c2a14b5 firedIds=9,10,69,70,129,130,189,190,249,250
tick=42 input=136365211648 synapses=19 spiked=10 stateRoot=0x1b6fefb245b88dce10a2225b68a43a3ab34362e080f65acd4b577fe194078f3f firedCount=10 starNeuron=8 firedHash=0x7df9d11e976c2834f3f374c30c3fa5f2ebb1224d0b0ed2866c74cd1d4510bab5 firedIds=8,9,68,69,128,129,188,189,248,249
tick=43 input=11600669246314041913241748359685496468518964559872 synapses=10 spiked=8 stateRoot=0xe53e47eb53da140f623ee5879234d2eec9c1d436e778079459e92b8899d88bdd firedCount=8 starNeuron=50 firedHash=0x089be6922877357bdfdfb0c83d91038db4484b67ff15566be9366591a13af85b firedIds=50,51,110,111,170,171,230,231
tick=44 input=8128 synapses=8 spiked=5 stateRoot=0x806ed3cf40942be45e0f0229866cda2c9cfa2e37a1f03e7e4f8fcaac13dfb26d firedCount=5 starNeuron=1 firedHash=0xb88dfa3bbc7ac84fc4d0ec696f2aae6c4598db15eb013305cc09771f7335a437 firedIds=1,61,121,181,241
tick=45 input=8128 synapses=27 spiked=15 stateRoot=0x28b27dfe909032991f207ae065cd0a8f8010bfc6da6719edb7fc21350d53b3ec firedCount=15 starNeuron=0 firedHash=0x185d20857057a865edefa810fc61e2e32e3eb4853190f42b1dd67df476f4d48b firedIds=0,1,2,60,61,62,120,121,122,180,181,182,240,241,242
tick=46 input=41213856314620194301460814613184512 synapses=6 spiked=4 stateRoot=0xf6a6e78b3dcec5fb2ccf0f0735ce298d0569cf44c5acba800aa7c2c09bc7396c firedCount=4 starNeuron=35 firedHash=0x15e2b9f6c25391055ce3bcbbfb788ea33cee59bcbabb3e227cd5ab6e5ce51652 firedIds=35,95,155,215
tick=47 input=1257747079913946359297510211584 synapses=3 spiked=4 stateRoot=0xd1797a0d948f25cdd712b5eddb1f8e08516f4bb2b15ec412cb29413477c45cf6 firedCount=4 starNeuron=30 firedHash=0xd85cfb2d0957488986930d33a83b4ee25512dc30d48f708ef1076d9c06a584b5 firedIds=30,90,150,210
tick=48 input=9370945989444452220928 synapses=8 spiked=4 stateRoot=0xa2a48dbf3144f3ce5bc2b646d568ecce6ee152f91578d0211f844cae10f399e3 firedCount=4 starNeuron=21 firedHash=0x78cc4677ab84bb784f9638df34531208a581accc8b4c534784a3147cc3995387 firedIds=21,81,141,201
tick=49 input=69818988363776 synapses=18 spiked=10 stateRoot=0x095332976fddc39c2f0b540a5c315486e468b854aaccef9431292d0ae06a668a firedCount=10 starNeuron=11 firedHash=0x88be3babc174c0379650d4ad9f2f65e5d1807116cafb0a4b4ab0f03a3e632ad5 firedIds=11,12,71,72,131,132,191,192,251,252
tick=50 input=329648542954659136480144150949525454848 synapses=8 spiked=4 stateRoot=0xf263c8c0efbf40d202d9692d0fff6500fb72657c5fa7f67b6fd13d49d6aeb9b9 firedCount=4 starNeuron=40 firedHash=0x010ed55c7d2cad4f79728109c5cef11dc3401c4874065a1803742f0a5eba5784 firedIds=40,100,160,220
tick=51 input=17045651456 synapses=10 spiked=5 stateRoot=0x26bf46158f6ab4bd16f6c8d82973da8360d858c5928342414550f0e7bfda9659 firedCount=5 starNeuron=8 firedHash=0x1aa168edb4b7909af7861010f639970e80dd990d80d14dcc17ded54ade2fc638 firedIds=8,68,128,188,248
tick=52 input=9370945989444452220928 synapses=22 spiked=12 stateRoot=0x2e8fd8c533bd5b100532626202bc3d6ca2180f3b15b87489029257404b356e8b firedCount=12 starNeuron=20 firedHash=0xff352dec8c952dcf1a5d1ce575b344c28cf93b6ffd487c02857bfa83fdf481eb firedIds=20,21,22,80,81,82,140,141,142,200,201,202
tick=53 input=2456537265456926483002949632 synapses=7 spiked=4 stateRoot=0xe4d40fd89e380ecffd03999ff963cab8666fd8b1f3aac9284dc9fa60004ad20f firedCount=4 starNeuron=27 firedHash=0xe2d64b6b3f4265b4d57db4e6da1f7e2e24638ec70f0b82789d8caa49b0a3e057 firedIds=27,87,147,207
tick=54 input=146393360968959001624576 synapses=8 spiked=4 stateRoot=0x92410fba16e6cc9abd213d869be756ebd5edd6a07c8caea4a1b65a76e40540f2 firedCount=4 starNeuron=23 firedHash=0xef3b97b81b14f583cac69b414e68ad9d8b7817d7bef1a8400a5427a9673ecf77 firedIds=23,83,143,203
tick=55 input=39459338752221496262409584640 synapses=10 spiked=8 stateRoot=0xd2a7d800fa46f878b075f1280fccbf7cb14de69b1999d5ea59e95da64afc6aa1 firedCount=8 starNeuron=28 firedHash=0xf95137d3bd9440283cbaa47c95e96a08523156d7a8f24501f22dd4769c161ad8 firedIds=28,29,88,89,148,149,208,209
tick=56 input=39459338752221496262409584640 synapses=17 spiked=12 stateRoot=0x9a385364b7f3a742329ff0098ee135ef785fa55a0726e47f95bc0d4e59a46374 firedCount=12 starNeuron=27 firedHash=0x4a6e15ef7edfef00cb9f8f6e0dbf02adef78e084601fab8f6840d995621ea2f5 firedIds=27,28,29,87,88,89,147,148,149,207,208,209
tick=57 input=39459338752221496262409584640 synapses=10 spiked=8 stateRoot=0xb0b55559fddc69d60617db390156f8b00370303bab587934e4be3776f3332e53 firedCount=8 starNeuron=28 firedHash=0xf95137d3bd9440283cbaa47c95e96a08523156d7a8f24501f22dd4769c161ad8 firedIds=28,29,88,89,148,149,208,209
tick=58 input=8972014882652160 synapses=24 spiked=15 stateRoot=0xf92bed37bf1c1e7301bd24447224681a8a88b7948def67f9b336570842a2d533 firedCount=15 starNeuron=13 firedHash=0xa6495765090b9c1833269348588fe5bdcc421e77d40ebb80d0d34b4da7a00040 firedIds=13,14,15,73,74,75,133,134,135,193,194,195,253,254,255
tick=59 input=8972014882652160 synapses=16 spiked=10 stateRoot=0x07522d05739c9d8f2a25c48efc4524d182979ae8a39decb5177e95526bf0ceec firedCount=10 starNeuron=14 firedHash=0x3fd30c2e000e6c87a6002facbbee5716894e2681935c066ad0521b9ac9cb266e firedIds=14,15,74,75,134,135,194,195,254,255
tick=60 input=8972014882652160 synapses=24 spiked=15 stateRoot=0x3c8f650f0866d0e20d20b853eb3463f0acde9a3cf1efb62defc7619d373c0617 firedCount=15 starNeuron=13 firedHash=0xa6495765090b9c1833269348588fe5bdcc421e77d40ebb80d0d34b4da7a00040 firedIds=13,14,15,73,74,75,133,134,135,193,194,195,253,254,255
tick=61 input=8972014882652160 synapses=16 spiked=10 stateRoot=0x60f83f9ca9623c0b3429db675dfae698feb0d71b268316dba7a15d0812a055dc firedCount=10 starNeuron=14 firedHash=0x3fd30c2e000e6c87a6002facbbee5716894e2681935c066ad0521b9ac9cb266e firedIds=14,15,74,75,134,135,194,195,254,255
tick=62 input=8972014882652160 synapses=24 spiked=15 stateRoot=0x7d1d1fd533ea38a3583ef79172aa400217a82c0803dfbcd222fcbd1054b1820b firedCount=15 starNeuron=13 firedHash=0xa6495765090b9c1833269348588fe5bdcc421e77d40ebb80d0d34b4da7a00040 firedIds=13,14,15,73,74,75,133,134,135,193,194,195,253,254,255
tick=63 input=8972014882652160 synapses=16 spiked=10 stateRoot=0xdf9415942b8e0b442b5e4c584d75b7e3bbbfdd7fffa2843bb357c1a703d2cc57 firedCount=10 starNeuron=14 firedHash=0x3fd30c2e000e6c87a6002facbbee5716894e2681935c066ad0521b9ac9cb266e firedIds=14,15,74,75,134,135,194,195,254,255
tick=64 input=8972014882652160 synapses=30 spiked=19 stateRoot=0x75864cb94f9ad9188bcaca6ebbcd284cddeac9deec209ed9e45db02a960a9441 firedCount=19 starNeuron=13 firedHash=0x0a2c4f772b16e9d145c430ff4e46decda419139d5f0a95d0c698cd56adbd9bcc firedIds=13,14,15,16,73,74,75,76,133,134,135,136,193,194,195,196,253,254,255
tick=65 input=574208952489738240 synapses=11 spiked=8 stateRoot=0xfe6467135d7138c10d3f8fddc2ea3de868b13287355da82c83d240b8f4d77a0d firedCount=8 starNeuron=16 firedHash=0x981738748e0bd297b03884ddcd38f8873ec3e217a645ea72ce5927f1fe62341e firedIds=16,17,76,77,136,137,196,197
tick=66 input=354024330026673642371879527578292738907439104 synapses=6 spiked=4 stateRoot=0xe8d44e92e3d8ad8aea08615c3c88a7ab9b291fc030f60f70fd1bb74bac8ff517 firedCount=4 starNeuron=46 firedHash=0xb9b414ff6fa95b396b4d7917691462ec111e3ae22f2598c79955c33217922182 firedIds=46,106,166,226
tick=67 input=574208952489738240 synapses=19 spiked=13 stateRoot=0x2de2b924d1b3d05a5c6f16d8837a9d387fe9c2a72a2d8ce1ef5f0c2f95ddac43 firedCount=13 starNeuron=15 firedHash=0xae8854312b9f4c625fe58e0fb411b3e65946ab7415e0e17161914e9467930ac2 firedIds=15,16,17,75,76,77,135,136,137,195,196,197,255
tick=68 input=35747322042253312 synapses=8 spiked=5 stateRoot=0xfe2b013b642158e38fbccc0216998fa8c735322e9db43366047444d340c17da0 firedCount=5 starNeuron=15 firedHash=0x93f5b0fd7abf0f3ede16af137df1b2d124ed5bfb4c08ae747f378c81c6e9e95e firedIds=15,75,135,195,255
tick=69 input=18302628885633695744 synapses=12 spiked=8 stateRoot=0x266e25e518e092abc8e6e791621afc799ce26e1f7eef2f0aca1ce65b84acc4cd firedCount=8 starNeuron=17 firedHash=0xdeae26a843a0101ff44b4f6435a92a4f897292efbce2415d1dd0b4fb3ce92cf0 firedIds=17,18,77,78,137,138,197,198
tick=70 input=18302628885633695744 synapses=12 spiked=8 stateRoot=0x3dfe95849a332166d706c1cafc920876e2f2a5b7caade60b5719fbc32d48da8c firedCount=8 starNeuron=18 firedHash=0x093fc2951cbeb746020577ed98a519decb3987fa7bdb4e37d2ed86051c26b8f2 firedIds=18,19,78,79,138,139,198,199
tick=71 input=35747322042253312 synapses=22 spiked=14 stateRoot=0xa8629640f2ba2f50db516c1fa0943995008437873b272978cce68f20decafed7 firedCount=14 starNeuron=14 firedHash=0x0d702ab2d495394143d7503f948e399c6fabe55db22f793cc5d5e936e2942d17 firedIds=14,15,16,74,75,76,134,135,136,194,195,196,254,255
tick=72 input=338953138925153547590470800371487866880 synapses=13 spiked=8 stateRoot=0x35caa0e3fcef1a0f60afa1966f850cb0834a7f090562773c34d81b51a0687816 firedCount=8 starNeuron=39 firedHash=0xb1da51bbaa17e6cb6e7faf617c8ba053891aad8d80a913bbec21186479056270 firedIds=39,40,99,100,159,160,219,220
tick=73 input=1293003612232793989526637269483520 synapses=14 spiked=8 stateRoot=0xfe0b1b3ef00d310d56854d023d770c235b6dbae55273fe3c336200c423d4f7c2 firedCount=8 starNeuron=33 firedHash=0x4c41683d14f9811dc3cde83479657984536f939fda241212956bd0884d1acd00 firedIds=33,34,93,94,153,154,213,214
tick=74 input=146421031085069565952 synapses=5 spiked=4 stateRoot=0xe415d94744ee6447edcce1ae9447352c457b993a61277ab3b9dda17bd5483412 firedCount=4 starNeuron=19 firedHash=0xd896b4317dad8966804b56cad6fbcfd1d20ba841e3f640606deb749f5144e512 firedIds=19,79,139,199
